Contents                              Start(hex)    Size(dec)
Image0                                  000000F0          806
Gauge0                                  00000416       49,608
Image1                                  0000C5DE          806
Image3                                  0000C904          806
Image4                                  0000CC2A        1,256
Image6                                  0000D112        1,456
Image5                                  0000D6C2        1,386
Image7                                  0000DC2C        1,356
Image8                                  0000E178        1,518
Image9                                  0000E766        1,626
Gauge1                                  0000EDC0       15,848
Gauge2                                  00012BA8       15,848
Gauge3                                  00016990       49,608
Image10                                 00022B58          806
Userbutton1                             00022E7E        4,908
Userled0                                000241AA        1,208
Userbutton0                             00024662        5,328
Userbutton5                             00025B32        4,908
Userbutton3                             00026E5E        3,368
Userbutton8                             00027B86        4,908
Userbutton2                             000266F0        4,908
Userbutton4                             000250F0        5,328
Winbutton0                              00028EB2       31,508
Winbutton1                              000309C6       31,508
Font Arial-12____A                      000384DA        8,480
Font MS Reference Sans Serif-14b___A    0003A5FA       16,508
Font MS Reference Sans Serif-10b___A    0003E676        7,588
Font MS Reference Sans Serif-12b___A    0004041A       13,832
                                        00043A22       18,432
